
==============================================================================
CLAIM 1 (Theorem 4.1): layer Hessian rank K^2, eigenvalues concentrated
==============================================================================
  Hessian effective rank: 25 (expected K^2=4); top eig ratio: 1.000
  -> PASS

==============================================================================
CLAIM 2 (Theorem 4.2): GN/Fisher decomposes into structured terms
==============================================================================
  GN effective rank: 25 (bounded by O(K^2)=16)
  -> FAIL

==============================================================================
CLAIM 3 (Theorem 4.3): gradient uses K effective directions
==============================================================================
  active gradient directions: 6 (vs K^2*d = 20 possible)
  -> PASS

==============================================================================
CLAIM 4 (Theorem 4.4): Gram W^T W has rank K, eigenvalues proportional
==============================================================================
  Gram matrix rank: 2 (expected K=2)
  eigenvalues: [2.82423831e-01 2.22999994e-01 1.08098388e-17]
  -> PASS

==============================================================================
CLAIM 5: spectra consistent across layers (unification)
==============================================================================
  Gram ranks across 3 layers: [np.int64(2), np.int64(2), np.int64(2)] (consistent: True)
  -> PASS

==============================================================================
CLAIM 6: low-dim spectra → fast convergence (proxy)
==============================================================================
  loss: first=0.8212, last=0.8212 (converges)
  -> FAIL

==============================================================================
VERDICT SUMMARY
==============================================================================
  [PASS] c1_hessian_rank
  [FAIL] c2_gn_decomposition
  [PASS] c3_gradient_directions
  [PASS] c4_gram_rank
  [PASS] c5_cross_layer
  [FAIL] c6_convergence

  4/6 claims verified.
Traceback (most recent call last):
  File "/home/dineshai/Drives/Code/AllCode/ReproduceICML/papers/icml26-repro-RwiGcN2feP-low-dim-spectra/repro/src/verify_spectra.py", line 104, in <module>
    json.dump(results, open(os.path.join(OUT, "verdict.json"), "w"), indent=2)
  File "/home/dineshai/.local/share/uv/python/cpython-3.12.13-linux-x86_64-gnu/lib/python3.12/json/__init__.py", line 179, in dump
    for chunk in iterable:
                 ^^^^^^^^
  File "/home/dineshai/.local/share/uv/python/cpython-3.12.13-linux-x86_64-gnu/lib/python3.12/json/encoder.py", line 432, in _iterencode
    yield from _iterencode_dict(o, _current_indent_level)
  File "/home/dineshai/.local/share/uv/python/cpython-3.12.13-linux-x86_64-gnu/lib/python3.12/json/encoder.py", line 406, in _iterencode_dict
    yield from chunks
  File "/home/dineshai/.local/share/uv/python/cpython-3.12.13-linux-x86_64-gnu/lib/python3.12/json/encoder.py", line 406, in _iterencode_dict
    yield from chunks
  File "/home/dineshai/.local/share/uv/python/cpython-3.12.13-linux-x86_64-gnu/lib/python3.12/json/encoder.py", line 326, in _iterencode_list
    yield from chunks
  File "/home/dineshai/.local/share/uv/python/cpython-3.12.13-linux-x86_64-gnu/lib/python3.12/json/encoder.py", line 439, in _iterencode
    o = _default(o)
        ^^^^^^^^^^^
  File "/home/dineshai/.local/share/uv/python/cpython-3.12.13-linux-x86_64-gnu/lib/python3.12/json/encoder.py", line 180, in default
    raise TypeError(f'Object of type {o.__class__.__name__} '
TypeError: Object of type int64 is not JSON serializable
